// Jest Snapshot v1, https://goo.gl/fbAQLP

exports[`Button1 matches snapshot 1`] = `
<div>
  <button>
    xsdadas
  </button>
</div>
`;
